core_cm4.h:1037:22:NVIC_SetPriorityGrouping	24	static
main.c:215:17:test_poll_adc	8	static
main.c:221:6:run_adc_test	40	static
main.c:232:13:shift_reg_clear	16	static
main.c:237:13:shift_reg_push_bit	24	static
main.c:254:13:test_shift_register	16	static
main.c:278:5:main	24	static
main.c:340:13:ADC_callBack	16	static
main.c:347:13:tl_timer_callback	16	static
main.c:351:13:Adjust_Traffic	40	static
main.c:375:13:Traffic_Light	80	static
main.c:427:13:TL_Display	24	static
main.c:437:13:tl_change_state	16	static
main.c:456:13:Car_Gen	48	static
main.c:483:13:Display_Street	56	static
main.c:551:6:vApplicationMallocFailedHook	4	static
main.c:565:6:vApplicationStackOverflowHook	16	static
main.c:579:6:vApplicationIdleHook	16	static
main.c:601:13:prvSetupHardware	24	static
main.c:636:17:poll_adc_function	16	static
main.c:649:13:ADC_setup	40	static
