core_cm4.h:1037:22:NVIC_SetPriorityGrouping	24	static
main.c:186:5:main	16	static
main.c:222:13:Manager_Task	24	static
main.c:254:13:Blue_LED_Controller_Task	24	static
main.c:282:13:Green_LED_Controller_Task	24	static
main.c:309:13:Red_LED_Controller_Task	24	static
main.c:337:13:Amber_LED_Controller_Task	24	static
main.c:365:6:vApplicationMallocFailedHook	4	static
main.c:379:6:vApplicationStackOverflowHook	16	static
main.c:393:6:vApplicationIdleHook	16	static
main.c:415:13:prvSetupHardware	8	static
